// Jest Snapshot v1, https://goo.gl/fbAQLP

exports[`QuizAnswer renders with minimal props 1`] = `
<li
  class=""
>
  
  Malamute

</li>
`;
